Meg Log File...
36 108                  
00000000 NodSet   0
00000001 NodSet   2
00000002 EdgOut   0 5
00000003 NodSet   2
00000004 EdgSwap  4
00000005 EdgOut   1 8
00000006 NodSet   0
00000007 EdgSwap  0
00000008 EdgOut   2 0
00000009 NodSet   7
00000010 EdgOut   3 11
00000011 /
00000012 NodSet   7
00000013 NodSet   4
00000014 EdgSwap  2
00000015 EdgSwap  4
00000016 EdgOut   0 13
00000017 NodSet   3
00000018 EdgSwap  12
00000019 EdgSwap  4
00000020 EdgOut   4 16
00000021 NodSet   9
00000022 EdgOut   5 20
00000023 NodSet   9
00000024 EdgOut   6 19
00000025 /
00000026 /
00000027 NodSet   3
00000028 /
00000029 NodSet   9
00000030 /
00000031 NodSet   14
00000032 /
00000033 NodSet   16
00000034 EdgSwap  15
00000035 /
00000036 NodSet   18
00000037 /
00000038 NodSet   20
00000039 /
00000040 NodSet   3
00000041 /
00000042 NodSet   3
00000043 /
00000044 NodSet   12
00000045 EdgSwap  17
00000046 EdgSwap  26
00000047 EdgSwap  15
00000048 /
00000049 NodSet   18
00000050 EdgSwap  15
00000051 EdgSwap  29
00000052 /
00000053 NodSet   20
00000054 EdgSwap  29
00000055 /
00000056 NodSet   20
00000057 /
00000058 NodSet   5
00000059 EdgSwap  12
00000060 EdgSwap  14
00000061 /
00000062 NodSet   11
00000063 EdgSwap  12
00000064 EdgSwap  17
00000065 EdgSwap  30
00000066 /
00000067 NodSet   18
00000068 EdgSwap  30
00000069 EdgSwap  34
00000070 EdgSwap  17
00000071 /
00000072 NodSet   26
00000073 EdgSwap  34
00000074 EdgSwap  36
00000075 /
00000076 NodSet   28
00000077 EdgSwap  36
00000078 /
00000079 NodSet   37
00000080 /
00000081 NodSet   32
00000082 EdgSwap  45
00000083 /
00000084 NodSet   22
00000085 EdgSwap  45
00000086 EdgSwap  17
00000087 EdgSwap  49
00000088 /
00000089 NodSet   26
00000090 EdgSwap  49
00000091 EdgSwap  52
00000092 EdgSwap  17
00000093 /
00000094 NodSet   28
00000095 EdgSwap  52
00000096 /
00000097 NodSet   47
00000098 EdgSwap  55
00000099 /
00000100 NodSet   40
00000101 /
00000102 NodSet   44
00000103 /
00000104 NodSet   18
00000105 EdgSwap  63
00000106 EdgSwap  67
00000107 /
00000108 NodSet   28
00000109 EdgSwap  67
00000110 EdgSwap  81
00000111 /
00000112 NodSet   57
00000113 EdgSwap  70
00000114 /
00000115 NodSet   50
00000116 EdgSwap  72
00000117 /
00000118 NodSet   52
00000119 /
00000120 NodSet   26
00000121 /
00000122 NodSet   28
00000123 EdgSwap  81
00000124 EdgSwap  85
00000125 /
00000126 NodSet   60
00000127 EdgSwap  85
00000128 /
00000129 NodSet   60
00000130 EdgSwap  87
00000131 /
00000132 NodSet   50
00000133 /
00000134 NodSet   50
00000135 /
00000136 /
